
⚠️ Detected that your app uses Expo Go for development, this is not recommended when building production apps.
Learn more: https://expo.fyi/why-not-build-expo-go-for-production
To suppress this warning, set EAS_BUILD_NO_EXPO_GO_WARNING=true.

Resolved "production" environment for the build. Learn more: https://docs.expo.dev/eas/environment-variables/#setting-the-environment-for-your-builds
No environment variables with visibility "Plain text" and "Sensitive" found for the "production" environment on EAS.

- Incrementing buildNumber from 2 to 3.
✔ Incremented buildNumber from 2 to 3.


ios.buildNumber field in app config is ignored when version source is set to remote, but this value will still be in the manifest available via expo-constants. It's recommended to remove this value from app config.
✔ Using remote iOS credentials (Expo server)

Distribution Certificate is not validated for non-interactive builds.
Skipping Provisioning Profile validation on Apple Servers because we aren't authenticated.

Project Credentials Configuration

Project                   @wongkuins-team/evashort
Bundle Identifier         com.mycompany.EvaShort
                          
App Store Configuration   
                          
Distribution Certificate  
Serial Number             698CF9BD6A17AFCB87CAAC4A63DB3D47
Expiration Date           Tue, 17 Aug 2027 19:17:49 GMT+0800
Apple Team                D5VA6Q22PL (Van Nam Nguyen (Individual))
Updated                   2 minutes ago
                          
Provisioning Profile      
Developer Portal ID       VNNK3FC943
Status                    active
Expiration                Tue, 17 Aug 2027 19:17:49 GMT+0800
Apple Team                9YLTWC8J2M 
Updated                   30 seconds ago
                          
All credentials are ready to build @wongkuins-team/evashort (com.mycompany.EvaShort)


Compressing project files and uploading to EAS Build. Learn more: https://expo.fyi/eas-build-archive
- Compressing project files
- Uploading to EAS Build (0 / 21.6 MB)
✔ Uploaded to EAS 5s
- Computing project fingerprint
⌛️ Computing the project fingerprint is taking longer than expected...
⏩ To skip this step, set the environment variable: EAS_SKIP_AUTO_FINGERPRINT=1
✔ Computed project fingerprint

See logs: https://expo.dev/accounts/wongkuins-team/projects/evashort/builds/3ececfad-fcdc-4412-87a4-5a775747b47b

Waiting for build to complete. You can press Ctrl+C to exit.
- Waiting for build to complete.
✔ Build finished

🍏 iOS app:
https://expo.dev/artifacts/eas/t5jlQJHZcUl-6UqOWKT-Zfz5qWqgglb-pWJZTFbbEVQ.ipa
